// Vitest Snapshot v1, https://vitest.dev/guide/snapshot.html

exports[`BillsPage Component > matches the snapshot 1`] = `
<div>
  <div
    class="bills-page"
  >
    <header
      class="bp-header"
    >
      <div
        class="global-header-left"
      >
        <button
          aria-label="Toggle sidebar"
          class="mobile-sidebar-toggle"
          type="button"
        >
          <svg
            fill="none"
            stroke="currentColor"
            stroke-linecap="round"
            stroke-linejoin="round"
            stroke-width="2"
            viewBox="0 0 24 24"
          >
            <line
              x1="3"
              x2="21"
              y1="12"
              y2="12"
            />
            <line
              x1="3"
              x2="21"
              y1="6"
              y2="6"
            />
            <line
              x1="3"
              x2="21"
              y1="18"
              y2="18"
            />
          </svg>
        </button>
        <button
          class="bp-company-dropdown"
          id="bp-company-select"
          type="button"
        >
          All Companies
          <svg
            aria-hidden="true"
            fill="none"
            height="13"
            stroke="currentColor"
            stroke-linecap="round"
            stroke-linejoin="round"
            stroke-width="1.8"
            viewBox="0 0 24 24"
            width="13"
          >
            <polyline
              points="6 9 12 15 18 9"
            />
          </svg>
        </button>
      </div>
      <div
        class="global-header-right"
      >
        <button
          class="bp-add-entry-btn"
          id="bp-add-entry"
          type="button"
        >
          <svg
            aria-hidden="true"
            fill="none"
            height="14"
            stroke="currentColor"
            stroke-linecap="round"
            stroke-linejoin="round"
            stroke-width="1.8"
            viewBox="0 0 24 24"
            width="14"
          >
            <line
              x1="12"
              x2="12"
              y1="5"
              y2="19"
            />
            <line
              x1="5"
              x2="19"
              y1="12"
              y2="12"
            />
          </svg>
          Add Entry
        </button>
        <button
          aria-label="Toggle theme"
          class="bp-icon-btn"
          id="bp-theme-btn"
          type="button"
        >
          <svg
            aria-hidden="true"
            fill="none"
            height="16"
            stroke="currentColor"
            stroke-linecap="round"
            stroke-linejoin="round"
            stroke-width="1.8"
            viewBox="0 0 24 24"
            width="16"
          >
            <circle
              cx="12"
              cy="12"
              r="5"
            />
            <line
              x1="12"
              x2="12"
              y1="1"
              y2="3"
            />
            <line
              x1="12"
              x2="12"
              y1="21"
              y2="23"
            />
            <line
              x1="4.22"
              x2="5.64"
              y1="4.22"
              y2="5.64"
            />
            <line
              x1="18.36"
              x2="19.78"
              y1="18.36"
              y2="19.78"
            />
            <line
              x1="1"
              x2="3"
              y1="12"
              y2="12"
            />
            <line
              x1="21"
              x2="23"
              y1="12"
              y2="12"
            />
            <line
              x1="4.22"
              x2="5.64"
              y1="19.78"
              y2="18.36"
            />
            <line
              x1="18.36"
              x2="19.78"
              y1="5.64"
              y2="4.22"
            />
          </svg>
        </button>
        <div
          class="global-header-icons"
        >
          <div
            class="dash-dropdown-container"
          >
            <button
              class="icon-btn bell-icon-wrapper"
            >
              <svg
                fill="none"
                height="18"
                stroke="currentColor"
                stroke-linecap="round"
                stroke-linejoin="round"
                stroke-width="2"
                viewBox="0 0 24 24"
                width="18"
              >
                <path
                  d="M18 8A6 6 0 0 0 6 8c0 7-3 9-3 9h18s-3-2-3-9"
                />
                <path
                  d="M13.73 21a2 2 0 0 1-3.46 0"
                />
              </svg>
            </button>
          </div>
          <div
            class="dash-dropdown-container"
          >
            <div
              class="user-avatar-mini"
              style="cursor: pointer; background: linear-gradient(135deg, var(--sb-primary), #818cf8);"
            >
              A
            </div>
          </div>
        </div>
      </div>
    </header>
    <main
      class="bp-content"
    >
      <div
        class="bp-title-row"
      >
        <div
          class="bp-title-block"
        >
          <h1>
            Bills
          </h1>
          <p
            class="bp-title-sub"
          >
            0
             unpaid across 
            1
             companies
          </p>
        </div>
        <button
          class="bp-add-bill-btn"
          id="bp-add-bill-top"
          type="button"
        >
          <svg
            aria-hidden="true"
            fill="none"
            height="14"
            stroke="currentColor"
            stroke-linecap="round"
            stroke-linejoin="round"
            stroke-width="1.8"
            viewBox="0 0 24 24"
            width="14"
          >
            <line
              x1="12"
              x2="12"
              y1="5"
              y2="19"
            />
            <line
              x1="5"
              x2="19"
              y1="12"
              y2="12"
            />
          </svg>
          Add Bill
        </button>
      </div>
      <section
        aria-label="Bills summary"
        class="bp-status-cards"
      >
        <div
          class="bp-status-card pending"
        >
          <div
            class="bp-status-icon pending-icon"
          >
            <svg
              aria-hidden="true"
              fill="none"
              height="22"
              stroke="currentColor"
              stroke-linecap="round"
              stroke-linejoin="round"
              stroke-width="1.8"
              viewBox="0 0 24 24"
              width="22"
            >
              <circle
                cx="12"
                cy="12"
                r="10"
              />
              <line
                x1="12"
                x2="12"
                y1="8"
                y2="12"
              />
              <line
                x1="12"
                x2="12.01"
                y1="16"
                y2="16"
              />
            </svg>
          </div>
          <div
            class="bp-status-info"
          >
            <span
              class="bp-status-label"
            >
              Pending
            </span>
            <span
              class="bp-status-amount"
            >
              BDT 
              0
            </span>
            <span
              class="bp-status-count"
            >
              0
               bills
            </span>
          </div>
        </div>
        <div
          class="bp-status-card overdue"
        >
          <div
            class="bp-status-icon overdue-icon"
          >
            <svg
              aria-hidden="true"
              fill="none"
              height="22"
              stroke="currentColor"
              stroke-linecap="round"
              stroke-linejoin="round"
              stroke-width="1.8"
              viewBox="0 0 24 24"
              width="22"
            >
              <path
                d="M10.29 3.86L1.82 18a2 2 0 0 0 1.71 3h16.94a2 2 0 0 0 1.71-3L13.71 3.86a2 2 0 0 0-3.42 0z"
              />
              <line
                x1="12"
                x2="12"
                y1="9"
                y2="13"
              />
              <line
                x1="12"
                x2="12.01"
                y1="17"
                y2="17"
              />
            </svg>
          </div>
          <div
            class="bp-status-info"
          >
            <span
              class="bp-status-label"
            >
              Overdue
            </span>
            <span
              class="bp-status-amount"
            >
              BDT 
              0
            </span>
            <span
              class="bp-status-count"
            >
              0
               bills
            </span>
          </div>
        </div>
        <div
          class="bp-status-card paid"
        >
          <div
            class="bp-status-icon paid-icon"
          >
            <svg
              aria-hidden="true"
              fill="none"
              height="22"
              stroke="currentColor"
              stroke-linecap="round"
              stroke-linejoin="round"
              stroke-width="1.8"
              viewBox="0 0 24 24"
              width="22"
            >
              <path
                d="M22 11.08V12a10 10 0 1 1-5.93-9.14"
              />
              <polyline
                points="22 4 12 14.01 9 11.01"
              />
            </svg>
          </div>
          <div
            class="bp-status-info"
          >
            <span
              class="bp-status-label"
            >
              Paid
            </span>
            <span
              class="bp-status-amount"
            >
              BDT 
              0
            </span>
            <span
              class="bp-status-count"
            >
              0
               bills
            </span>
          </div>
        </div>
      </section>
      <section
        aria-label="Company bills summary"
        class="bp-company-cards"
      >
        <div
          class="bp-company-card"
        >
          <div
            class="bp-company-card-header"
          >
            <span
              class="bp-company-dot"
              style="background: rgb(96, 165, 250);"
            />
            <span
              class="bp-company-code"
            >
              TST
            </span>
          </div>
          <span
            class="bp-company-amount"
          >
            BDT 
            0
          </span>
          <span
            class="bp-company-label"
          >
            unpaid
          </span>
        </div>
      </section>
      <section
        aria-label="Bill filters"
        class="bp-filter-bar"
      >
        <button
          aria-label="Filter"
          class="bp-filter-icon"
          id="bp-filter-toggle"
          type="button"
        >
          <svg
            aria-hidden="true"
            fill="none"
            height="16"
            stroke="currentColor"
            stroke-linecap="round"
            stroke-linejoin="round"
            stroke-width="1.8"
            viewBox="0 0 24 24"
            width="16"
          >
            <polygon
              points="22 3 2 3 10 12.46 10 19 14 21 14 12.46 22 3"
            />
          </svg>
        </button>
        <button
          class="bp-filter-dropdown"
          id="bp-filter-company"
          type="button"
        >
          All Companies
          <svg
            aria-hidden="true"
            fill="none"
            height="13"
            stroke="currentColor"
            stroke-linecap="round"
            stroke-linejoin="round"
            stroke-width="1.8"
            viewBox="0 0 24 24"
            width="13"
          >
            <polyline
              points="6 9 12 15 18 9"
            />
          </svg>
        </button>
        <div
          class="bp-filter-tabs"
        >
          <button
            class="bp-filter-tab active"
            id="bp-tab-all"
            type="button"
          >
            All
          </button>
          <button
            class="bp-filter-tab"
            id="bp-tab-pending"
            type="button"
          >
            Pending
          </button>
          <button
            class="bp-filter-tab"
            id="bp-tab-overdue"
            type="button"
          >
            Overdue
          </button>
          <button
            class="bp-filter-tab"
            id="bp-tab-paid"
            type="button"
          >
            Paid
          </button>
        </div>
        <span
          class="bp-results-count"
        >
          0 results
        </span>
      </section>
      <section
        aria-label="Bills list"
        class="bp-table-card"
      >
        <div
          class="bp-empty-state"
          style=""
        >
          <div
            class="bp-empty-icon"
            style=""
          >
            <svg
              aria-hidden="true"
              fill="none"
              height="28"
              stroke="currentColor"
              stroke-linecap="round"
              stroke-linejoin="round"
              stroke-width="1.8"
              viewBox="0 0 24 24"
              width="28"
            >
              <path
                d="M14 2H6a2 2 0 0 0-2 2v16a2 2 0 0 0 2 2h12a2 2 0 0 0 2-2V8z"
              />
              <polyline
                points="14 2 14 8 20 8"
              />
              <line
                x1="16"
                x2="8"
                y1="13"
                y2="13"
              />
              <line
                x1="16"
                x2="8"
                y1="17"
                y2="17"
              />
              <polyline
                points="10 9 9 9 8 9"
              />
            </svg>
          </div>
          <h3
            class="bp-empty-title"
          >
            No bills found
          </h3>
          <p
            class="bp-empty-desc"
          >
            Adjust your filters or add a new bill to start tracking your company's expenses.
          </p>
          <button
            class="bp-empty-add-btn"
            id="bp-add-bill-empty"
            type="button"
          >
            Add Bill
          </button>
        </div>
      </section>
    </main>
  </div>
</div>
`;
