// Vitest Snapshot v1, https://vitest.dev/guide/snapshot.html

exports[`ExpensesPage Component > matches the snapshot 1`] = `
<div>
  <div
    class="expenses-page"
  >
    <header
      class="ep-header"
    >
      <div
        class="global-header-left"
      >
        <button
          aria-label="Toggle sidebar"
          class="mobile-sidebar-toggle"
          type="button"
        >
          <svg
            fill="none"
            stroke="currentColor"
            stroke-linecap="round"
            stroke-linejoin="round"
            stroke-width="2"
            viewBox="0 0 24 24"
          >
            <line
              x1="3"
              x2="21"
              y1="12"
              y2="12"
            />
            <line
              x1="3"
              x2="21"
              y1="6"
              y2="6"
            />
            <line
              x1="3"
              x2="21"
              y1="18"
              y2="18"
            />
          </svg>
        </button>
        <span
          class="ep-header-title"
        >
          Group Manager
        </span>
        <div
          class="ep-search"
        >
          <svg
            aria-hidden="true"
            fill="none"
            height="16"
            stroke="currentColor"
            stroke-linecap="round"
            stroke-linejoin="round"
            stroke-width="1.8"
            viewBox="0 0 24 24"
            width="16"
          >
            <circle
              cx="11"
              cy="11"
              r="8"
            />
            <line
              x1="21"
              x2="16.65"
              y1="21"
              y2="16.65"
            />
          </svg>
          <input
            aria-label="Search expenses"
            id="expenses-search"
            placeholder="Search expenses..."
            type="text"
            value=""
          />
        </div>
      </div>
      <div
        class="global-header-right"
      >
        <button
          class="ep-add-btn"
          id="add-entry-btn"
          type="button"
        >
          <svg
            aria-hidden="true"
            fill="none"
            height="15"
            stroke="currentColor"
            stroke-linecap="round"
            stroke-linejoin="round"
            stroke-width="1.8"
            viewBox="0 0 24 24"
            width="15"
          >
            <line
              x1="12"
              x2="12"
              y1="5"
              y2="19"
            />
            <line
              x1="5"
              x2="19"
              y1="12"
              y2="12"
            />
          </svg>
          Add Entry
        </button>
        <button
          aria-label="Help"
          class="ep-icon-btn"
          id="help-btn"
          type="button"
        >
          <svg
            aria-hidden="true"
            fill="none"
            height="16"
            stroke="currentColor"
            stroke-linecap="round"
            stroke-linejoin="round"
            stroke-width="1.8"
            viewBox="0 0 24 24"
            width="16"
          >
            <circle
              cx="12"
              cy="12"
              r="10"
            />
            <path
              d="M9.09 9a3 3 0 0 1 5.83 1c0 2-3 3-3 3"
            />
            <line
              x1="12"
              x2="12.01"
              y1="17"
              y2="17"
            />
          </svg>
        </button>
        <div
          class="global-header-icons"
        >
          <div
            class="dash-dropdown-container"
          >
            <button
              class="icon-btn bell-icon-wrapper"
            >
              <svg
                fill="none"
                height="18"
                stroke="currentColor"
                stroke-linecap="round"
                stroke-linejoin="round"
                stroke-width="2"
                viewBox="0 0 24 24"
                width="18"
              >
                <path
                  d="M18 8A6 6 0 0 0 6 8c0 7-3 9-3 9h18s-3-2-3-9"
                />
                <path
                  d="M13.73 21a2 2 0 0 1-3.46 0"
                />
              </svg>
            </button>
          </div>
          <div
            class="dash-dropdown-container"
          >
            <div
              class="user-avatar-mini"
              style="cursor: pointer; background: linear-gradient(135deg, var(--sb-primary), #818cf8);"
            >
              A
            </div>
          </div>
        </div>
      </div>
    </header>
    <main
      class="ep-content"
    >
      <section
        aria-label="Summary statistics"
        class="ep-stats"
      >
        <div
          class="ep-stat-card"
        >
          <div
            class="ep-stat-header"
          >
            <span
              class="ep-stat-label"
            >
              Total Expenses
            </span>
            <span
              class="ep-stat-icon blue"
            >
              <svg
                aria-hidden="true"
                fill="none"
                height="16"
                stroke="currentColor"
                stroke-linecap="round"
                stroke-linejoin="round"
                stroke-width="1.8"
                viewBox="0 0 24 24"
                width="16"
              >
                <rect
                  height="16"
                  rx="2"
                  width="18"
                  x="3"
                  y="4"
                />
                <path
                  d="M12 8v8M14 10a2 2 0 0 0-2-1.5c-1.1 0-2 .7-2 1.5s.9 1.5 2 1.5 2 .7 2 1.5-.9 1.5-2 1.5a2 2 0 0 1-2-1.5"
                />
              </svg>
            </span>
          </div>
          <div
            class="ep-stat-value"
          >
            $0.00
          </div>
          <div
            class="ep-stat-footer"
          />
        </div>
        <div
          class="ep-stat-card"
        >
          <div
            class="ep-stat-header"
          >
            <span
              class="ep-stat-label"
            >
              Pending Bills
            </span>
            <span
              class="ep-stat-icon red"
            >
              <svg
                aria-hidden="true"
                fill="none"
                height="16"
                stroke="currentColor"
                stroke-linecap="round"
                stroke-linejoin="round"
                stroke-width="1.8"
                viewBox="0 0 24 24"
                width="16"
              >
                <rect
                  height="14"
                  rx="2"
                  width="20"
                  x="2"
                  y="5"
                />
                <path
                  d="M2 10h20"
                />
              </svg>
            </span>
          </div>
          <div
            class="ep-stat-value"
          >
            $0.00
          </div>
          <div
            class="ep-stat-footer"
          >
            <span
              class="ep-stat-sub"
            >
              0 Overdue
            </span>
          </div>
        </div>
        <div
          class="ep-stat-card"
        >
          <div
            class="ep-stat-header"
          >
            <span
              class="ep-stat-label"
            >
              Companies Active
            </span>
            <span
              class="ep-stat-icon purple"
            >
              <svg
                aria-hidden="true"
                fill="none"
                height="16"
                stroke="currentColor"
                stroke-linecap="round"
                stroke-linejoin="round"
                stroke-width="1.8"
                viewBox="0 0 24 24"
                width="16"
              >
                <path
                  d="M3 9l9-7 9 7v11a2 2 0 0 1-2 2H5a2 2 0 0 1-2-2z"
                />
                <polyline
                  points="9 22 9 12 15 12 15 22"
                />
              </svg>
            </span>
          </div>
          <div
            class="ep-stat-value"
          >
            0
          </div>
          <div
            class="ep-stat-footer"
          >
            <span
              class="ep-stat-sub"
            >
              Across 0 Regions
            </span>
          </div>
        </div>
        <div
          class="ep-stat-card"
        >
          <div
            class="ep-stat-header"
          >
            <span
              class="ep-stat-label"
            >
              Budget Ratio
            </span>
            <span
              class="ep-stat-icon teal"
            >
              <svg
                aria-hidden="true"
                fill="none"
                height="16"
                stroke="currentColor"
                stroke-linecap="round"
                stroke-linejoin="round"
                stroke-width="1.8"
                viewBox="0 0 24 24"
                width="16"
              >
                <circle
                  cx="12"
                  cy="12"
                  r="9"
                />
                <path
                  d="M12 7v5l3 2"
                />
              </svg>
            </span>
          </div>
          <div
            class="ep-budget-ratio"
          >
            0
            %
          </div>
          <div
            class="ep-ratio-bar"
          >
            <div
              class="ep-ratio-fill"
              style="width: 0%;"
            />
          </div>
        </div>
      </section>
      <section
        aria-label="Expenses table"
        class="ep-table-card"
      >
        <div
          class="ep-table-wrapper"
        >
          <table
            class="ep-table"
          >
            <thead>
              <tr>
                <th
                  scope="col"
                >
                  Company
                </th>
                <th
                  scope="col"
                >
                  Amount
                </th>
                <th
                  scope="col"
                >
                  Category
                </th>
                <th
                  scope="col"
                >
                  Date
                </th>
                <th
                  scope="col"
                >
                  Status
                </th>
                <th
                  scope="col"
                >
                  Actions
                </th>
              </tr>
            </thead>
            <tbody />
          </table>
        </div>
        <div
          class="ep-table-footer"
        >
          <span
            class="ep-count"
          >
            Showing 
            0
            -
            0
             of 
            0
             entries
          </span>
          <nav
            aria-label="Table pagination"
            class="ep-pagination"
          >
            <button
              aria-label="Previous page"
              class="ep-page-btn"
              disabled=""
              id="pagination-prev"
              type="button"
            >
              <svg
                aria-hidden="true"
                fill="none"
                height="14"
                stroke="currentColor"
                stroke-linecap="round"
                stroke-linejoin="round"
                stroke-width="1.8"
                viewBox="0 0 24 24"
                width="14"
              >
                <polyline
                  points="15 18 9 12 15 6"
                />
              </svg>
            </button>
            <button
              aria-current="page"
              aria-label="Page 1"
              class="ep-page-btn active"
              id="pagination-page-1"
              type="button"
            >
              1
            </button>
            <button
              aria-label="Next page"
              class="ep-page-btn"
              disabled=""
              id="pagination-next"
              type="button"
            >
              <svg
                aria-hidden="true"
                fill="none"
                height="14"
                stroke="currentColor"
                stroke-linecap="round"
                stroke-linejoin="round"
                stroke-width="1.8"
                viewBox="0 0 24 24"
                width="14"
              >
                <polyline
                  points="9 18 15 12 9 6"
                />
              </svg>
            </button>
          </nav>
        </div>
      </section>
      <section
        aria-label="Filters"
        class="ep-filter-bar"
      >
        <span
          class="ep-filter-label"
        >
          <svg
            aria-hidden="true"
            fill="none"
            height="14"
            stroke="currentColor"
            stroke-linecap="round"
            stroke-linejoin="round"
            stroke-width="1.8"
            viewBox="0 0 24 24"
            width="14"
          >
            <line
              x1="4"
              x2="20"
              y1="6"
              y2="6"
            />
            <line
              x1="8"
              x2="16"
              y1="12"
              y2="12"
            />
            <line
              x1="12"
              x2="12"
              y1="18"
              y2="18"
            />
          </svg>
          Filters
        </span>
        <div
          class="ep-filter-divider"
        />
        <button
          class="ep-filter-chip"
          id="filter-companies"
          type="button"
        >
          All Companies
          <svg
            aria-hidden="true"
            fill="none"
            height="13"
            stroke="currentColor"
            stroke-linecap="round"
            stroke-linejoin="round"
            stroke-width="1.8"
            viewBox="0 0 24 24"
            width="13"
          >
            <polyline
              points="6 9 12 15 18 9"
            />
          </svg>
        </button>
        <button
          class="ep-filter-chip"
          id="filter-categories"
          type="button"
        >
          All Categories
          <svg
            aria-hidden="true"
            fill="none"
            height="13"
            stroke="currentColor"
            stroke-linecap="round"
            stroke-linejoin="round"
            stroke-width="1.8"
            viewBox="0 0 24 24"
            width="13"
          >
            <polyline
              points="6 9 12 15 18 9"
            />
          </svg>
        </button>
        <div
          class="ep-date-chip"
        >
          <svg
            aria-hidden="true"
            fill="none"
            height="13"
            stroke="currentColor"
            stroke-linecap="round"
            stroke-linejoin="round"
            stroke-width="1.8"
            viewBox="0 0 24 24"
            width="13"
          >
            <rect
              height="18"
              rx="2"
              width="18"
              x="3"
              y="4"
            />
            <line
              x1="16"
              x2="16"
              y1="2"
              y2="6"
            />
            <line
              x1="8"
              x2="8"
              y1="2"
              y2="6"
            />
            <line
              x1="3"
              x2="21"
              y1="10"
              y2="10"
            />
          </svg>
          Oct 01 – Oct 31, 2023
        </div>
        <button
          class="ep-export-btn"
          id="export-btn"
          type="button"
        >
          <svg
            aria-hidden="true"
            fill="none"
            height="13"
            stroke="currentColor"
            stroke-linecap="round"
            stroke-linejoin="round"
            stroke-width="1.8"
            viewBox="0 0 24 24"
            width="13"
          >
            <path
              d="M21 15v4a2 2 0 0 1-2 2H5a2 2 0 0 1-2-2v-4"
            />
            <polyline
              points="7 10 12 15 17 10"
            />
            <line
              x1="12"
              x2="12"
              y1="15"
              y2="3"
            />
          </svg>
          Export
        </button>
      </section>
    </main>
  </div>
</div>
`;
