// Vitest Snapshot v1, https://vitest.dev/guide/snapshot.html

exports[`InvoicePage Component > matches the snapshot 1`] = `
<div>
  <div
    class="invoice-page"
  >
    <header
      class="inv-header"
    >
      <div
        class="global-header-left"
      >
        <button
          aria-label="Toggle sidebar"
          class="mobile-sidebar-toggle"
          type="button"
        >
          <svg
            fill="none"
            stroke="currentColor"
            stroke-linecap="round"
            stroke-linejoin="round"
            stroke-width="2"
            viewBox="0 0 24 24"
          >
            <line
              x1="3"
              x2="21"
              y1="12"
              y2="12"
            />
            <line
              x1="3"
              x2="21"
              y1="6"
              y2="6"
            />
            <line
              x1="3"
              x2="21"
              y1="18"
              y2="18"
            />
          </svg>
        </button>
        <div
          class="inv-title-block"
        >
          <h1
            style="margin: 0px; font-size: 1.25rem;"
          >
            Invoices
          </h1>
          <p
            class="inv-title-sub"
            style="margin: 0px; color: var(--sb-muted); font-size: 0.875rem;"
          >
            Create and manage invoices for your companies
          </p>
        </div>
      </div>
      <div
        class="global-header-right"
      >
        <button
          class="inv-new-btn"
          id="inv-new-btn"
          type="button"
        >
          <svg
            aria-hidden="true"
            fill="none"
            height="14"
            stroke="currentColor"
            stroke-linecap="round"
            stroke-linejoin="round"
            stroke-width="1.8"
            viewBox="0 0 24 24"
            width="14"
          >
            <line
              x1="12"
              x2="12"
              y1="5"
              y2="19"
            />
            <line
              x1="5"
              x2="19"
              y1="12"
              y2="12"
            />
          </svg>
          New Invoice
        </button>
        <div
          class="global-header-icons"
        >
          <div
            class="dash-dropdown-container"
          >
            <button
              class="icon-btn bell-icon-wrapper"
            >
              <svg
                fill="none"
                height="18"
                stroke="currentColor"
                stroke-linecap="round"
                stroke-linejoin="round"
                stroke-width="2"
                viewBox="0 0 24 24"
                width="18"
              >
                <path
                  d="M18 8A6 6 0 0 0 6 8c0 7-3 9-3 9h18s-3-2-3-9"
                />
                <path
                  d="M13.73 21a2 2 0 0 1-3.46 0"
                />
              </svg>
            </button>
          </div>
          <div
            class="dash-dropdown-container"
          >
            <div
              class="user-avatar-mini"
              style="cursor: pointer; background: linear-gradient(135deg, var(--sb-primary), #818cf8);"
            >
              A
            </div>
          </div>
        </div>
      </div>
    </header>
    <main
      class="inv-content"
    >
      <section
        aria-label="Invoice summary"
        class="inv-status-cards"
      >
        <div
          class="inv-status-card"
        >
          <div
            class="inv-status-info"
          >
            <span
              class="inv-status-label"
            >
              Draft
            </span>
            <span
              class="inv-status-amount"
            >
              BDT 
              0.00
            </span>
            <span
              class="inv-status-count"
            >
              0
               invoices
            </span>
          </div>
        </div>
        <div
          class="inv-status-card"
        >
          <div
            class="inv-status-info"
          >
            <span
              class="inv-status-label"
            >
              Sent
            </span>
            <span
              class="inv-status-amount"
            >
              BDT 
              0.00
            </span>
            <span
              class="inv-status-count"
            >
              0
               invoices
            </span>
          </div>
        </div>
        <div
          class="inv-status-card"
        >
          <div
            class="inv-status-info"
          >
            <span
              class="inv-status-label"
            >
              Paid
            </span>
            <span
              class="inv-status-amount"
            >
              BDT 
              0.00
            </span>
            <span
              class="inv-status-count"
            >
              0
               invoices
            </span>
          </div>
        </div>
        <div
          class="inv-status-card"
        >
          <div
            class="inv-status-info"
          >
            <span
              class="inv-status-label"
            >
              Cancelled
            </span>
            <span
              class="inv-status-amount"
            >
              BDT 
              0.00
            </span>
            <span
              class="inv-status-count"
            >
              0
               invoices
            </span>
          </div>
        </div>
      </section>
      <section
        aria-label="Invoice filters"
        class="inv-filter-bar"
      >
        <div
          class="inv-search-wrapper"
        >
          <svg
            aria-hidden="true"
            class="inv-search-icon"
            fill="none"
            height="14"
            stroke="currentColor"
            stroke-linecap="round"
            stroke-linejoin="round"
            stroke-width="1.8"
            viewBox="0 0 24 24"
            width="14"
          >
            <circle
              cx="11"
              cy="11"
              r="8"
            />
            <line
              x1="21"
              x2="16.65"
              y1="21"
              y2="16.65"
            />
          </svg>
          <input
            class="inv-search-input"
            placeholder="Search invoices..."
            type="text"
            value=""
          />
        </div>
        <button
          class="inv-filter-dropdown"
          id="inv-filter-status"
          type="button"
        >
          <svg
            aria-hidden="true"
            class="inv-filter-icon"
            fill="none"
            height="14"
            stroke="currentColor"
            stroke-linecap="round"
            stroke-linejoin="round"
            stroke-width="1.8"
            viewBox="0 0 24 24"
            width="14"
          >
            <polygon
              points="22 3 2 3 10 12.46 10 19 14 21 14 12.46 22 3"
            />
          </svg>
          All Status
          <svg
            aria-hidden="true"
            class="inv-chevron-icon"
            fill="none"
            height="14"
            stroke="currentColor"
            stroke-linecap="round"
            stroke-linejoin="round"
            stroke-width="1.8"
            viewBox="0 0 24 24"
            width="14"
          >
            <polyline
              points="6 9 12 15 18 9"
            />
          </svg>
        </button>
      </section>
      <section
        aria-label="Invoices list"
        class="inv-table-card"
      >
        <div
          class="inv-empty-state"
          style=""
        >
          <p
            class="inv-empty-desc"
          >
            No invoices found. Create your first invoice to get started.
          </p>
        </div>
      </section>
    </main>
  </div>
</div>
`;
