// Vitest Snapshot v1, https://vitest.dev/guide/snapshot.html

exports[`OverviewPage Component > matches the snapshot 1`] = `
<div>
  <div
    class="overview-page"
  >
    <header
      class="global-header"
    >
      <div
        class="global-header-left"
      >
        <button
          aria-label="Toggle sidebar"
          class="mobile-sidebar-toggle"
          type="button"
        >
          <svg
            fill="none"
            stroke="currentColor"
            stroke-linecap="round"
            stroke-linejoin="round"
            stroke-width="2"
            viewBox="0 0 24 24"
          >
            <line
              x1="3"
              x2="21"
              y1="12"
              y2="12"
            />
            <line
              x1="3"
              x2="21"
              y1="6"
              y2="6"
            />
            <line
              x1="3"
              x2="21"
              y1="18"
              y2="18"
            />
          </svg>
        </button>
        <div
          class="dash-company-select"
        >
          <span>
            All Companies
          </span>
          <svg
            fill="none"
            height="12"
            stroke="currentColor"
            stroke-width="2"
            viewBox="0 0 24 24"
            width="12"
          >
            <path
              d="M6 9l6 6 6-6"
            />
          </svg>
        </div>
      </div>
      <div
        class="global-header-right"
      >
        <button
          class="dash-add-btn"
        >
          <svg
            fill="none"
            height="14"
            stroke="currentColor"
            stroke-width="2.5"
            viewBox="0 0 24 24"
            width="14"
          >
            <line
              x1="12"
              x2="12"
              y1="5"
              y2="19"
            />
            <line
              x1="5"
              x2="19"
              y1="12"
              y2="12"
            />
          </svg>
          Add Entry
        </button>
        <div
          class="global-header-icons"
        >
          <div
            class="dash-dropdown-container"
          >
            <button
              class="icon-btn bell-icon-wrapper"
            >
              <svg
                fill="none"
                height="18"
                stroke="currentColor"
                stroke-linecap="round"
                stroke-linejoin="round"
                stroke-width="2"
                viewBox="0 0 24 24"
                width="18"
              >
                <path
                  d="M18 8A6 6 0 0 0 6 8c0 7-3 9-3 9h18s-3-2-3-9"
                />
                <path
                  d="M13.73 21a2 2 0 0 1-3.46 0"
                />
              </svg>
            </button>
          </div>
          <div
            class="dash-dropdown-container"
          >
            <div
              class="user-avatar-mini"
              style="cursor: pointer; background: linear-gradient(135deg, var(--sb-primary), #818cf8);"
            >
              T
            </div>
          </div>
        </div>
      </div>
    </header>
    <div
      class="overview-body"
    >
      <div
        class="dash-title-section"
      >
        <div
          class="overview-title"
        >
          <h1>
            Group Overview
          </h1>
          <p
            style="margin: 0px;"
          >
            Performance across all 4 companies
          </p>
        </div>
        <div
          class="dash-time-filters"
        >
          <button
            class=""
          >
            Last 3 months
          </button>
          <button
            class="active"
          >
            Last 6 months
          </button>
          <button
            class=""
          >
            Last 12 months
          </button>
          <button
            class=""
          >
            All time
          </button>
        </div>
      </div>
      <div
        class="overview-metrics-grid"
        style="margin-top: 24px;"
      >
        <div
          class="overview-metric"
        >
          <div
            class="om-header"
          >
            <span
              class="om-label"
            >
              TOTAL REVENUE
            </span>
            <div
              class="om-icon"
            >
              <svg
                fill="none"
                height="12"
                stroke="currentColor"
                stroke-width="2"
                viewBox="0 0 24 24"
                width="12"
              >
                <line
                  x1="12"
                  x2="12"
                  y1="1"
                  y2="23"
                />
                <path
                  d="M17 5H9.5a3.5 3.5 0 0 0 0 7h5a3.5 3.5 0 0 1 0 7H6"
                />
              </svg>
            </div>
          </div>
          <div
            class="om-value"
          >
            BDT 0.0
          </div>
          <div
            class="om-trend"
          >
            — 0% from last month
          </div>
        </div>
        <div
          class="overview-metric"
        >
          <div
            class="om-header"
          >
            <span
              class="om-label"
            >
              TOTAL EXPENSES
            </span>
            <div
              class="om-icon"
            >
              <svg
                fill="none"
                height="12"
                stroke="currentColor"
                stroke-width="2"
                viewBox="0 0 24 24"
                width="12"
              >
                <polyline
                  points="22 17 13.5 8.5 8.5 13.5 2 7"
                />
                <polyline
                  points="16 17 22 17 22 11"
                />
              </svg>
            </div>
          </div>
          <div
            class="om-value"
          >
            BDT 0.0
          </div>
          <div
            class="om-trend"
          >
            — 0% from last month
          </div>
        </div>
        <div
          class="overview-metric"
        >
          <div
            class="om-header"
          >
            <span
              class="om-label"
            >
              NET PROFIT
            </span>
            <div
              class="om-icon"
            >
              <svg
                fill="none"
                height="12"
                stroke="currentColor"
                stroke-width="2"
                viewBox="0 0 24 24"
                width="12"
              >
                <polyline
                  points="22 7 13.5 15.5 8.5 10.5 2 17"
                />
                <polyline
                  points="16 7 22 7 22 13"
                />
              </svg>
            </div>
          </div>
          <div
            class="om-value"
          >
            BDT 0.0
          </div>
          <div
            class="om-trend"
          >
            — 0% from last month
          </div>
        </div>
        <div
          class="overview-metric"
        >
          <div
            class="om-header"
          >
            <span
              class="om-label"
            >
              PROFIT MARGIN
            </span>
            <div
              class="om-icon"
            >
              %
            </div>
          </div>
          <div
            class="om-value"
          >
            0%
          </div>
          <div
            class="om-trend"
          >
            — 0% from last month
          </div>
        </div>
        <div
          class="overview-metric"
        >
          <div
            class="om-header"
          >
            <span
              class="om-label"
            >
              INVENTORY VALUE
            </span>
            <div
              class="om-icon"
            >
              <svg
                fill="none"
                height="12"
                stroke="currentColor"
                stroke-width="2"
                viewBox="0 0 24 24"
                width="12"
              >
                <path
                  d="M21 16V8a2 2 0 0 0-1-1.73l-7-4a2 2 0 0 0-2 0l-7 4A2 2 0 0 0 3 8v8a2 2 0 0 0 1 1.73l7 4a2 2 0 0 0 2 0l7-4A2 2 0 0 0 21 16z"
                />
                <polyline
                  points="3.27 6.96 12 12.01 20.73 6.96"
                />
                <line
                  x1="12"
                  x2="12"
                  y1="22.08"
                  y2="12"
                />
              </svg>
            </div>
          </div>
          <div
            class="om-value"
          >
            BDT 0.0
          </div>
        </div>
        <div
          class="overview-metric"
        >
          <div
            class="om-header"
          >
            <span
              class="om-label"
            >
              ACCOUNTS PAYABLE
            </span>
            <div
              class="om-icon"
            >
              <svg
                fill="none"
                height="12"
                stroke="currentColor"
                stroke-width="2"
                viewBox="0 0 24 24"
                width="12"
              >
                <path
                  d="M22 19a2 2 0 0 1-2 2H4a2 2 0 0 1-2-2V5a2 2 0 0 1 2-2h5l2 3h9a2 2 0 0 1 2 2z"
                />
              </svg>
            </div>
          </div>
          <div
            class="om-value"
          >
            BDT 0.0
          </div>
        </div>
        <div
          class="overview-metric"
        >
          <div
            class="om-header"
          >
            <span
              class="om-label"
            >
              MONTHLY BURN RATE
            </span>
            <div
              class="om-icon"
            >
              <svg
                fill="none"
                height="12"
                stroke="currentColor"
                stroke-width="2"
                viewBox="0 0 24 24"
                width="12"
              >
                <path
                  d="M12 2v20M17 5H9.5a3.5 3.5 0 0 0 0 7h5a3.5 3.5 0 0 1 0 7H6"
                />
              </svg>
            </div>
          </div>
          <div
            class="om-value"
          >
            BDT 0.0
          </div>
        </div>
        <div
          class="overview-metric"
        >
          <div
            class="om-header"
          >
            <span
              class="om-label"
            >
              WORKING CAPITAL
            </span>
            <div
              class="om-icon"
            >
              <svg
                fill="none"
                height="12"
                stroke="currentColor"
                stroke-width="2"
                viewBox="0 0 24 24"
                width="12"
              >
                <rect
                  height="14"
                  rx="2"
                  ry="2"
                  width="20"
                  x="2"
                  y="7"
                />
                <path
                  d="M16 21V5a2 2 0 0 0-2-2h-4a2 2 0 0 0-2 2v16"
                />
              </svg>
            </div>
          </div>
          <div
            class="om-value"
          >
            BDT 0.0
          </div>
        </div>
      </div>
      <div
        class="overview-charts-mid"
      >
        <div
          class="ov-chart-card"
        >
          <h3>
            Revenue by Company
          </h3>
          <div
            class="ov-chart-wrap"
          >
            <div
              class="recharts-responsive-container"
              style="width: 100%; height: 220px; min-width: 0px;"
            >
              <div
                style="width: 0px; overflow-x: visible;"
              />
            </div>
          </div>
        </div>
        <div
          class="ov-chart-card"
        >
          <h3>
            Cost Distribution
          </h3>
          <div
            class="ov-chart-wrap flex-center"
          >
            <div
              class="recharts-responsive-container"
              style="width: 100%; height: 220px; min-width: 0px;"
            >
              <div
                style="width: 0px; overflow-x: visible;"
              />
            </div>
          </div>
          <div
            class="ov-chart-legend"
          >
            <div
              class="leg-item"
            >
              <span
                style="background: rgb(59, 130, 246);"
              />
              XSRS
            </div>
            <div
              class="leg-item"
            >
              <span
                style="background: rgb(249, 115, 22);"
              />
              365F
            </div>
            <div
              class="leg-item"
            >
              <span
                style="background: rgb(239, 68, 68);"
              />
              EA
            </div>
            <div
              class="leg-item"
            >
              <span
                style="background: rgb(16, 185, 129);"
              />
              PD
            </div>
          </div>
        </div>
      </div>
      <div
        class="ov-chart-card wide"
      >
        <h3>
          Monthly Trend
        </h3>
        <div
          class="ov-chart-wrap large"
        >
          <div
            class="recharts-responsive-container"
            style="width: 100%; height: 280px; min-width: 0px;"
          >
            <div
              style="width: 0px; overflow-x: visible;"
            />
          </div>
        </div>
        <div
          class="ov-chart-legend bottom"
        >
          <div
            class="leg-item"
          >
            <span
              style="background: rgb(59, 130, 246);"
            />
            revenue
          </div>
          <div
            class="leg-item"
          >
            <span
              style="background: rgb(239, 68, 68);"
            />
            expenses
          </div>
          <div
            class="leg-item"
          >
            <span
              style="background: rgb(16, 185, 129);"
            />
            profit
          </div>
        </div>
      </div>
      <div
        class="ov-chart-card wide activity"
        style="margin-top: 16px;"
      >
        <h3>
          Recent Activity
        </h3>
        <div
          class="ov-activity-list"
        >
          <p
            class="ov-empty"
          >
            No activity found.
          </p>
        </div>
      </div>
    </div>
  </div>
</div>
`;
